// Jest Snapshot v1, https://goo.gl/fbAQLP

exports[`renders publications section 1`] = `
<div
  className="StyledBox-sc-13pk1d4-0 eRCNqM"
>
  <div
    className="StyledBox-sc-13pk1d4-0 lhNMsi"
  >
    <h1
      className="StyledHeading-sc-1rdh4aw-0 jVpYfH"
      size="medium"
    >
      Publications
    </h1>
    <div
      className="StyledBox-sc-13pk1d4-0 IRSNj"
    >
      <div
        className="StyledBox-sc-13pk1d4-0 IRSNj"
      >
        <h3
          className="StyledHeading-sc-1rdh4aw-0 gRvHvF"
        >
          Publication
        </h3>
        <span
          className="StyledText-sc-1sadyjn-0 dndifk"
          size="medium"
        >
          Company
        </span>
        <span
          className="StyledText-sc-1sadyjn-0 fWSbXS"
        >
          2014-10-01
        </span>
        <p
          className="StyledParagraph-tbetod-0 kxFtnQ"
        >
          Description...
        </p>
      </div>
    </div>
  </div>
</div>
`;
