// Jest Snapshot v1, https://goo.gl/fbAQLP

exports[`renders education section 1`] = `
<div
  className="StyledBox-sc-13pk1d4-0 eRCNqM"
>
  <div
    className="StyledBox-sc-13pk1d4-0 lhNMsi"
  >
    <h1
      className="StyledHeading-sc-1rdh4aw-0 jVpYfH"
      size="medium"
    >
      Education
    </h1>
    <div
      className="StyledBox-sc-13pk1d4-0 IRSNj"
    >
      <div
        className="StyledBox-sc-13pk1d4-0 IRSNj"
      >
        <h3
          className="StyledHeading-sc-1rdh4aw-0 gRvHvF"
        >
          University
        </h3>
        <h4
          className="StyledHeading-sc-1rdh4aw-0 hlZfma"
        >
          Software Development
        </h4>
        <div
          className="StyledBox-sc-13pk1d4-0 ffeAql"
        >
          2011-01-01
           - 
          2013-01-01
        </div>
        <span
          className="StyledText-sc-1sadyjn-0 dndifk"
          size="medium"
        >
          gpa: undefined
        </span>
        <span
          className="StyledText-sc-1sadyjn-0 dndifk"
          size="medium"
        >
          gpa: Bachelor
        </span>
        <div
          className="StyledBox-sc-13pk1d4-0 IRSNj"
        >
          <span
            className="StyledText-sc-1sadyjn-0 fWSbXS"
          >
            DB1101 - Basic SQL
          </span>
        </div>
      </div>
    </div>
  </div>
</div>
`;
