// Jest Snapshot v1, https://goo.gl/fbAQLP

exports[`renders interests section 1`] = `
<div
  className="StyledBox-sc-13pk1d4-0 eRCNqM"
>
  <div
    className="StyledBox-sc-13pk1d4-0 lhNMsi"
  >
    <h1
      className="StyledHeading-sc-1rdh4aw-0 jVpYfH"
      size="medium"
    >
      Interests
    </h1>
    <div
      className="StyledBox-sc-13pk1d4-0 IRSNj"
    >
      <div
        className="StyledBox-sc-13pk1d4-0 IRSNj"
      >
        <h3
          className="StyledHeading-sc-1rdh4aw-0 gRvHvF"
        >
          Wildlife
        </h3>
        <span
          className="StyledText-sc-1sadyjn-0 dndifk"
          size="medium"
        >
          Keywords
        </span>
        <div
          className="StyledBox-sc-13pk1d4-0 IRSNj"
        >
          <span
            className="StyledText-sc-1sadyjn-0 fWSbXS"
          >
            Ferrets
          </span>
          <span
            className="StyledText-sc-1sadyjn-0 fWSbXS"
          >
            Unicorns
          </span>
        </div>
      </div>
    </div>
  </div>
</div>
`;
